---
source: crates/shaken/src/modules/builtin.rs
expression: mock.get_response()
---
kind:
  - Say: "usage: !help <cmd?>"
  - Say: "description: list all commands, or looks up a specific command"

