---
source: crates/shaken/src/modules/builtin.rs
expression: mock.get_response()
---
kind: []

