---
source: crates/shaken/src/modules/user_defined/tests.rs
expression: mock.get_response()
---
kind:
  - Problem: "'!baz' was not found"

