---
source: crates/shaken/src/modules/builtin.rs
expression: mock.get_response()
---
kind:
  - Problem: "I couldn't find !foo"

