---
source: crates/shaken/src/modules/user_defined/tests.rs
expression: mock.get_response()
---
kind:
  - Problem: "an argument is required. usage: !remove <name>"

