---
source: crates/shaken/src/modules/builtin.rs
expression: mock.get_response()
---
kind:
  - Say: "!hello !time !theme !bot-uptime !uptime !help !commands"

